09:04:557 [main] INFO  io.github.bonigarcia.wdm.WebDriverManager - Using chromedriver 131.0.6778.204 (resolved driver for Chrome 131)
09:04:661 [main] INFO  io.github.bonigarcia.wdm.WebDriverManager - Exporting webdriver.chrome.driver as C:\Users\akeem\.cache\selenium\chromedriver\win64\131.0.6778.204\chromedriver.exe
09:55:760 [main] INFO  org.testng.internal.Utils - [TestNG] Running:
  C:\Users\akeem\eclipse-workspace\OpenCartV111\master.xml

09:56:363 [main] INFO  io.github.bonigarcia.wdm.WebDriverManager - Using chromedriver 131.0.6778.204 (resolved driver for Chrome 131)
09:56:466 [main] INFO  io.github.bonigarcia.wdm.WebDriverManager - Exporting webdriver.chrome.driver as C:\Users\akeem\.cache\selenium\chromedriver\win64\131.0.6778.204\chromedriver.exe
10:51:639 [main] INFO  org.testng.internal.Utils - [TestNG] Running:
  C:\Users\akeem\eclipse-workspace\OpenCartV111\master.xml

10:52:470 [main] INFO  io.github.bonigarcia.wdm.WebDriverManager - Using chromedriver 131.0.6778.204 (resolved driver for Chrome 131)
10:52:612 [main] INFO  io.github.bonigarcia.wdm.WebDriverManager - Exporting webdriver.chrome.driver as C:\Users\akeem\.cache\selenium\chromedriver\win64\131.0.6778.204\chromedriver.exe
10:35:703 [main] INFO  org.testng.internal.Utils - [TestNG] Running:
  C:\Users\akeem\eclipse-workspace\OpenCartV111\master.xml

10:36:396 [main] INFO  io.github.bonigarcia.wdm.WebDriverManager - Using chromedriver 131.0.6778.204 (resolved driver for Chrome 131)
10:36:501 [main] INFO  io.github.bonigarcia.wdm.WebDriverManager - Exporting webdriver.chrome.driver as C:\Users\akeem\.cache\selenium\chromedriver\win64\131.0.6778.204\chromedriver.exe
10:32:408 [main] INFO  org.testng.internal.Utils - [TestNG] Running:
  C:\Users\akeem\eclipse-workspace\OpenCartV111\master.xml

10:32:973 [main] INFO  io.github.bonigarcia.wdm.WebDriverManager - Using chromedriver 131.0.6778.204 (resolved driver for Chrome 131)
10:33:063 [main] INFO  io.github.bonigarcia.wdm.WebDriverManager - Exporting webdriver.chrome.driver as C:\Users\akeem\.cache\selenium\chromedriver\win64\131.0.6778.204\chromedriver.exe
10:37:403 [main] INFO  org.testng.internal.Utils - [TestNG] Running:
  C:\Users\akeem\eclipse-workspace\OpenCartV111\master.xml

10:38:178 [main] INFO  io.github.bonigarcia.wdm.WebDriverManager - Using chromedriver 131.0.6778.204 (resolved driver for Chrome 131)
10:38:287 [main] INFO  io.github.bonigarcia.wdm.WebDriverManager - Exporting webdriver.chrome.driver as C:\Users\akeem\.cache\selenium\chromedriver\win64\131.0.6778.204\chromedriver.exe
10:31:658 [main] INFO  org.testng.internal.Utils - [TestNG] Running:
  C:\Users\akeem\eclipse-workspace\OpenCartV111\master.xml

10:35:137 [main] INFO  io.github.bonigarcia.wdm.WebDriverManager - Using chromedriver 131.0.6778.204 (resolved driver for Chrome 131)
10:35:332 [main] INFO  io.github.bonigarcia.wdm.WebDriverManager - Exporting webdriver.chrome.driver as C:\Users\akeem\.cache\selenium\chromedriver\win64\131.0.6778.204\chromedriver.exe
10:54:988 [main] INFO  testCases.TC001_AccountRegistrationTest - ******* Starting TC001_AccountRegistrationTest ******
10:55:322 [main] INFO  testCases.TC001_AccountRegistrationTest - ******* Clicked on My Account link ******
10:56:698 [main] INFO  testCases.TC001_AccountRegistrationTest - ******* Clicked on Register Link ******
10:56:704 [main] INFO  testCases.TC001_AccountRegistrationTest - ******* Providing Customer Details ******
10:59:588 [main] INFO  testCases.TC001_AccountRegistrationTest - ******* Validating expected message ******
10:59:671 [main] INFO  testCases.TC001_AccountRegistrationTest - ****** Finished testing **********
10:00:271 [main] INFO  io.github.bonigarcia.wdm.WebDriverManager - Using chromedriver 131.0.6778.204 (resolved driver for Chrome 131)
10:00:350 [main] INFO  io.github.bonigarcia.wdm.WebDriverManager - Exporting webdriver.chrome.driver as C:\Users\akeem\.cache\selenium\chromedriver\win64\131.0.6778.204\chromedriver.exe
10:13:207 [main] INFO  testCases.TC002_LoginTest - ******* Starting tc_002_LoginTest *********
10:16:204 [main] INFO  testCases.TC002_LoginTest - ******* Finished tc_002_LoginTest *********
10:16:533 [main] INFO  io.github.bonigarcia.wdm.WebDriverManager - Using chromedriver 131.0.6778.204 (resolved driver for Chrome 131)
10:16:602 [main] INFO  io.github.bonigarcia.wdm.WebDriverManager - Exporting webdriver.chrome.driver as C:\Users\akeem\.cache\selenium\chromedriver\win64\131.0.6778.204\chromedriver.exe
10:24:126 [main] INFO  testCases.TC003_LoginDDT - ******** Starting tc003_LoginDDT **********
10:28:167 [main] INFO  testCases.TC003_LoginDDT - ******** Finished tc003_LoginDDT **********
10:28:174 [main] INFO  testCases.TC003_LoginDDT - ******** Starting tc003_LoginDDT **********
10:40:707 [main] INFO  testCases.TC003_LoginDDT - ******** Finished tc003_LoginDDT **********
10:40:712 [main] INFO  testCases.TC003_LoginDDT - ******** Starting tc003_LoginDDT **********
10:54:417 [main] INFO  testCases.TC003_LoginDDT - ******** Finished tc003_LoginDDT **********
