20:54:052 [main] INFO  io.github.bonigarcia.wdm.WebDriverManager - Using chromedriver 129.0.6668.100 (resolved driver for Chrome 129)
20:54:185 [main] INFO  io.github.bonigarcia.wdm.WebDriverManager - Exporting webdriver.chrome.driver as C:\Users\akeem\.cache\selenium\chromedriver\win64\129.0.6668.100\chromedriver.exe
20:00:843 [main] INFO  org.testng.internal.Utils - [TestNG] Running:
  C:\Users\akeem\eclipse-workspace\OpenCartV111\master.xml

20:01:473 [main] INFO  io.github.bonigarcia.wdm.WebDriverManager - Using chromedriver 129.0.6668.100 (resolved driver for Chrome 129)
20:01:567 [main] INFO  io.github.bonigarcia.wdm.WebDriverManager - Exporting webdriver.chrome.driver as C:\Users\akeem\.cache\selenium\chromedriver\win64\129.0.6668.100\chromedriver.exe
20:40:216 [main] INFO  org.testng.internal.Utils - [TestNG] Running:
  C:\Users\akeem\eclipse-workspace\OpenCartV111\master.xml

20:40:906 [main] INFO  io.github.bonigarcia.wdm.WebDriverManager - Using chromedriver 129.0.6668.100 (resolved driver for Chrome 129)
20:41:014 [main] INFO  io.github.bonigarcia.wdm.WebDriverManager - Exporting webdriver.chrome.driver as C:\Users\akeem\.cache\selenium\chromedriver\win64\129.0.6668.100\chromedriver.exe
20:26:810 [main] INFO  org.testng.internal.Utils - [TestNG] Running:
  C:\Users\akeem\eclipse-workspace\OpenCartV111\master.xml

20:27:471 [main] INFO  io.github.bonigarcia.wdm.WebDriverManager - Using chromedriver 129.0.6668.100 (resolved driver for Chrome 129)
20:27:674 [main] INFO  io.github.bonigarcia.wdm.WebDriverManager - Exporting webdriver.chrome.driver as C:\Users\akeem\.cache\selenium\chromedriver\win64\129.0.6668.100\chromedriver.exe
21:38:978 [main] INFO  org.testng.internal.Utils - [TestNG] Running:
  C:\Users\akeem\eclipse-workspace\OpenCartV111\master.xml

21:39:705 [main] INFO  io.github.bonigarcia.wdm.WebDriverManager - Using chromedriver 129.0.6668.100 (resolved driver for Chrome 129)
21:39:795 [main] INFO  io.github.bonigarcia.wdm.WebDriverManager - Exporting webdriver.chrome.driver as C:\Users\akeem\.cache\selenium\chromedriver\win64\129.0.6668.100\chromedriver.exe
21:21:916 [main] INFO  org.testng.internal.Utils - [TestNG] Running:
  C:\Users\akeem\eclipse-workspace\OpenCartV111\master.xml

21:22:506 [main] INFO  io.github.bonigarcia.wdm.WebDriverManager - Using chromedriver 129.0.6668.100 (resolved driver for Chrome 129)
21:22:602 [main] INFO  io.github.bonigarcia.wdm.WebDriverManager - Exporting webdriver.chrome.driver as C:\Users\akeem\.cache\selenium\chromedriver\win64\129.0.6668.100\chromedriver.exe
21:10:015 [main] INFO  org.testng.internal.Utils - [TestNG] Running:
  C:\Users\akeem\eclipse-workspace\OpenCartV111\master.xml

21:10:724 [main] INFO  io.github.bonigarcia.wdm.WebDriverManager - Using chromedriver 129.0.6668.100 (resolved driver for Chrome 129)
21:10:809 [main] INFO  io.github.bonigarcia.wdm.WebDriverManager - Exporting webdriver.chrome.driver as C:\Users\akeem\.cache\selenium\chromedriver\win64\129.0.6668.100\chromedriver.exe
21:11:431 [main] INFO  org.testng.internal.Utils - [TestNG] Running:
  C:\Users\akeem\eclipse-workspace\OpenCartV111\master.xml

21:12:036 [main] INFO  io.github.bonigarcia.wdm.WebDriverManager - Using chromedriver 129.0.6668.100 (resolved driver for Chrome 129)
21:12:127 [main] INFO  io.github.bonigarcia.wdm.WebDriverManager - Exporting webdriver.chrome.driver as C:\Users\akeem\.cache\selenium\chromedriver\win64\129.0.6668.100\chromedriver.exe
21:17:326 [main] INFO  testCases.TC001_AccountRegistrationTest - ******* Starting TC001_AccountRegistrationTest ******
21:17:440 [main] INFO  testCases.TC001_AccountRegistrationTest - ******* Clicked on My Account link ******
21:18:262 [main] INFO  testCases.TC001_AccountRegistrationTest - ******* Clicked on Register Link ******
21:18:264 [main] INFO  testCases.TC001_AccountRegistrationTest - ******* Providing Customer Details ******
21:20:353 [main] INFO  testCases.TC001_AccountRegistrationTest - ******* Validating expected message ******
21:20:409 [main] INFO  testCases.TC001_AccountRegistrationTest - ****** Finished testing **********
21:20:741 [main] INFO  io.github.bonigarcia.wdm.WebDriverManager - Using chromedriver 129.0.6668.100 (resolved driver for Chrome 129)
21:20:822 [main] INFO  io.github.bonigarcia.wdm.WebDriverManager - Exporting webdriver.chrome.driver as C:\Users\akeem\.cache\selenium\chromedriver\win64\129.0.6668.100\chromedriver.exe
21:24:998 [main] INFO  testCases.TC002_LoginTest - ******* Starting tc_002_LoginTest *********
21:27:049 [main] INFO  testCases.TC002_LoginTest - ******* Finished tc_002_LoginTest *********
21:27:329 [main] INFO  io.github.bonigarcia.wdm.WebDriverManager - Using chromedriver 129.0.6668.100 (resolved driver for Chrome 129)
21:27:416 [main] INFO  io.github.bonigarcia.wdm.WebDriverManager - Exporting webdriver.chrome.driver as C:\Users\akeem\.cache\selenium\chromedriver\win64\129.0.6668.100\chromedriver.exe
21:33:013 [main] INFO  testCases.TC003_LoginDDT - ******** Starting tc003_LoginDDT **********
