08:03:758 [main] INFO  testCases.TC003_LoginDDT - ******** Starting tc003_LoginDDT **********
08:16:333 [main] INFO  testCases.TC003_LoginDDT - ******** Finished tc003_LoginDDT **********
08:16:337 [main] INFO  testCases.TC003_LoginDDT - ******** Starting tc003_LoginDDT **********
08:28:878 [main] INFO  testCases.TC003_LoginDDT - ******** Finished tc003_LoginDDT **********
08:28:882 [main] INFO  testCases.TC003_LoginDDT - ******** Starting tc003_LoginDDT **********
08:41:720 [main] INFO  testCases.TC003_LoginDDT - ******** Finished tc003_LoginDDT **********
08:41:725 [main] INFO  testCases.TC003_LoginDDT - ******** Starting tc003_LoginDDT **********
08:45:544 [main] INFO  testCases.TC003_LoginDDT - ******** Finished tc003_LoginDDT **********
08:46:202 [main] INFO  io.github.bonigarcia.wdm.WebDriverManager - Using chromedriver 131.0.6778.108 (resolved driver for Chrome 131)
08:46:428 [main] INFO  io.github.bonigarcia.wdm.WebDriverManager - Exporting webdriver.chrome.driver as C:\Users\akeem\.cache\selenium\chromedriver\win64\131.0.6778.108\chromedriver.exe
08:03:238 [main] INFO  testCases.TC001_AccountRegistrationTest - ******* Starting TC001_AccountRegistrationTest ******
08:03:426 [main] INFO  testCases.TC001_AccountRegistrationTest - ******* Clicked on My Account link ******
08:04:592 [main] INFO  testCases.TC001_AccountRegistrationTest - ******* Clicked on Register Link ******
08:04:593 [main] INFO  testCases.TC001_AccountRegistrationTest - ******* Providing Customer Details ******
08:06:955 [main] INFO  testCases.TC001_AccountRegistrationTest - ******* Validating expected message ******
08:07:012 [main] INFO  testCases.TC001_AccountRegistrationTest - ****** Finished testing **********
08:15:332 [main] INFO  testCases.TC002_LoginTest - ******* Starting tc_002_LoginTest *********
08:17:788 [main] INFO  testCases.TC002_LoginTest - ******* Finished tc_002_LoginTest *********
08:26:574 [main] INFO  testCases.TC003_LoginDDT - ******** Starting tc003_LoginDDT **********
08:30:398 [main] INFO  testCases.TC003_LoginDDT - ******** Finished tc003_LoginDDT **********
08:30:401 [main] INFO  testCases.TC003_LoginDDT - ******** Starting tc003_LoginDDT **********
08:42:572 [main] INFO  testCases.TC003_LoginDDT - ******** Finished tc003_LoginDDT **********
08:42:576 [main] INFO  testCases.TC003_LoginDDT - ******** Starting tc003_LoginDDT **********
08:55:120 [main] INFO  testCases.TC003_LoginDDT - ******** Finished tc003_LoginDDT **********
08:55:123 [main] INFO  testCases.TC003_LoginDDT - ******** Starting tc003_LoginDDT **********
08:07:602 [main] INFO  testCases.TC003_LoginDDT - ******** Finished tc003_LoginDDT **********
08:07:605 [main] INFO  testCases.TC003_LoginDDT - ******** Starting tc003_LoginDDT **********
08:12:285 [main] INFO  testCases.TC003_LoginDDT - ******** Finished tc003_LoginDDT **********
08:31:086 [main] INFO  testCases.TC001_AccountRegistrationTest - ******* Starting TC001_AccountRegistrationTest ******
08:31:356 [main] INFO  testCases.TC001_AccountRegistrationTest - ******* Clicked on My Account link ******
08:32:326 [main] INFO  testCases.TC001_AccountRegistrationTest - ******* Clicked on Register Link ******
08:32:327 [main] INFO  testCases.TC001_AccountRegistrationTest - ******* Providing Customer Details ******
08:32:944 [main] INFO  testCases.TC001_AccountRegistrationTest - ******* Validating expected message ******
08:34:400 [main] INFO  testCases.TC001_AccountRegistrationTest - ****** Finished testing **********
08:46:657 [main] INFO  testCases.TC002_LoginTest - ******* Starting tc_002_LoginTest *********
08:49:140 [main] INFO  testCases.TC002_LoginTest - ******* Finished tc_002_LoginTest *********
08:02:360 [main] INFO  testCases.TC003_LoginDDT - ******** Starting tc003_LoginDDT **********
08:05:615 [main] INFO  testCases.TC003_LoginDDT - ******** Finished tc003_LoginDDT **********
08:05:619 [main] INFO  testCases.TC003_LoginDDT - ******** Starting tc003_LoginDDT **********
08:17:584 [main] INFO  testCases.TC003_LoginDDT - ******** Finished tc003_LoginDDT **********
08:17:587 [main] INFO  testCases.TC003_LoginDDT - ******** Starting tc003_LoginDDT **********
08:29:876 [main] INFO  testCases.TC003_LoginDDT - ******** Finished tc003_LoginDDT **********
08:29:880 [main] INFO  testCases.TC003_LoginDDT - ******** Starting tc003_LoginDDT **********
08:43:330 [main] INFO  testCases.TC003_LoginDDT - ******** Finished tc003_LoginDDT **********
08:43:334 [main] INFO  testCases.TC003_LoginDDT - ******** Starting tc003_LoginDDT **********
08:47:239 [main] INFO  testCases.TC003_LoginDDT - ******** Finished tc003_LoginDDT **********
03:15:519 [main] INFO  org.testng.internal.Utils - [TestNG] Running:
  C:\Users\akeem\eclipse-workspace\OpenCartV111\master.xml

03:18:082 [main] INFO  io.github.bonigarcia.wdm.WebDriverManager - Using chromedriver 131.0.6778.108 (resolved driver for Chrome 131)
03:18:373 [main] INFO  io.github.bonigarcia.wdm.WebDriverManager - Exporting webdriver.chrome.driver as C:\Users\akeem\.cache\selenium\chromedriver\win64\131.0.6778.108\chromedriver.exe
