08:37:223 [main] INFO  io.github.bonigarcia.wdm.WebDriverManager - Exporting webdriver.chrome.driver as C:\Users\akeem\.cache\selenium\chromedriver\win64\131.0.6778.108\chromedriver.exe
08:40:350 [main] INFO  testCases.TC002_LoginTest - ******* Starting tc_002_LoginTest *********
08:45:749 [main] INFO  testCases.TC002_LoginTest - ******* Finished tc_002_LoginTest *********
08:46:019 [main] INFO  io.github.bonigarcia.wdm.WebDriverManager - Using chromedriver 131.0.6778.108 (resolved driver for Chrome 131)
08:46:156 [main] INFO  io.github.bonigarcia.wdm.WebDriverManager - Exporting webdriver.chrome.driver as C:\Users\akeem\.cache\selenium\chromedriver\win64\131.0.6778.108\chromedriver.exe
08:51:969 [main] INFO  testCases.TC003_LoginDDT - ******** Starting tc003_LoginDDT **********
08:57:617 [main] INFO  testCases.TC003_LoginDDT - ******** Finished tc003_LoginDDT **********
08:57:620 [main] INFO  testCases.TC003_LoginDDT - ******** Starting tc003_LoginDDT **********
08:09:274 [main] INFO  testCases.TC003_LoginDDT - ******** Finished tc003_LoginDDT **********
08:09:278 [main] INFO  testCases.TC003_LoginDDT - ******** Starting tc003_LoginDDT **********
08:21:638 [main] INFO  testCases.TC003_LoginDDT - ******** Finished tc003_LoginDDT **********
08:21:641 [main] INFO  testCases.TC003_LoginDDT - ******** Starting tc003_LoginDDT **********
08:33:807 [main] INFO  testCases.TC003_LoginDDT - ******** Finished tc003_LoginDDT **********
08:33:809 [main] INFO  testCases.TC003_LoginDDT - ******** Starting tc003_LoginDDT **********
08:36:991 [main] INFO  testCases.TC003_LoginDDT - ******** Finished tc003_LoginDDT **********
08:37:262 [main] INFO  io.github.bonigarcia.wdm.WebDriverManager - Using chromedriver 131.0.6778.108 (resolved driver for Chrome 131)
08:37:334 [main] INFO  io.github.bonigarcia.wdm.WebDriverManager - Exporting webdriver.chrome.driver as C:\Users\akeem\.cache\selenium\chromedriver\win64\131.0.6778.108\chromedriver.exe
08:17:805 [main] INFO  io.github.bonigarcia.wdm.WebDriverManager - Using chromedriver 131.0.6778.108 (resolved driver for Chrome 131)
08:17:955 [main] INFO  io.github.bonigarcia.wdm.WebDriverManager - Exporting webdriver.chrome.driver as C:\Users\akeem\.cache\selenium\chromedriver\win64\131.0.6778.108\chromedriver.exe
08:01:515 [main] INFO  io.github.bonigarcia.wdm.WebDriverManager - Using chromedriver 131.0.6778.108 (resolved driver for Chrome 131)
08:01:612 [main] INFO  io.github.bonigarcia.wdm.WebDriverManager - Exporting webdriver.chrome.driver as C:\Users\akeem\.cache\selenium\chromedriver\win64\131.0.6778.108\chromedriver.exe
08:14:809 [main] INFO  org.testng.internal.Utils - [TestNG] Running:
  C:\Users\akeem\eclipse-workspace\OpenCartV111\crossbrowsertesting.xml

08:15:692 [main] INFO  io.github.bonigarcia.wdm.WebDriverManager - Using chromedriver 131.0.6778.108 (resolved driver for Chrome 131)
08:15:815 [main] INFO  io.github.bonigarcia.wdm.WebDriverManager - Exporting webdriver.chrome.driver as C:\Users\akeem\.cache\selenium\chromedriver\win64\131.0.6778.108\chromedriver.exe
08:15:031 [main] INFO  io.github.bonigarcia.wdm.WebDriverManager - Using chromedriver 131.0.6778.108 (resolved driver for Chrome 131)
08:15:291 [main] INFO  io.github.bonigarcia.wdm.WebDriverManager - Exporting webdriver.chrome.driver as C:\Users\akeem\.cache\selenium\chromedriver\win64\131.0.6778.108\chromedriver.exe
08:19:125 [main] INFO  testCases.TC001_AccountRegistrationTest - ******* Starting TC001_AccountRegistrationTest ******
08:21:892 [main] INFO  testCases.TC001_AccountRegistrationTest - ******* Clicked on My Account link ******
08:23:402 [main] INFO  testCases.TC001_AccountRegistrationTest - ******* Clicked on Register Link ******
08:23:407 [main] INFO  testCases.TC001_AccountRegistrationTest - ******* Providing Customer Details ******
08:26:301 [main] INFO  testCases.TC001_AccountRegistrationTest - ******* Validating expected message ******
08:26:363 [main] INFO  testCases.TC001_AccountRegistrationTest - ****** Finished testing **********
08:26:736 [main] INFO  io.github.bonigarcia.wdm.WebDriverManager - Using chromedriver 131.0.6778.108 (resolved driver for Chrome 131)
08:26:832 [main] INFO  io.github.bonigarcia.wdm.WebDriverManager - Exporting webdriver.chrome.driver as C:\Users\akeem\.cache\selenium\chromedriver\win64\131.0.6778.108\chromedriver.exe
08:30:166 [main] INFO  testCases.TC002_LoginTest - ******* Starting tc_002_LoginTest *********
08:37:065 [main] INFO  testCases.TC002_LoginTest - ******* Finished tc_002_LoginTest *********
08:37:568 [main] INFO  io.github.bonigarcia.wdm.WebDriverManager - Using chromedriver 131.0.6778.108 (resolved driver for Chrome 131)
08:37:782 [main] INFO  io.github.bonigarcia.wdm.WebDriverManager - Exporting webdriver.chrome.driver as C:\Users\akeem\.cache\selenium\chromedriver\win64\131.0.6778.108\chromedriver.exe
08:43:468 [main] INFO  testCases.TC003_LoginDDT - ******** Starting tc003_LoginDDT **********
08:03:752 [main] INFO  testCases.TC003_LoginDDT - ******** Finished tc003_LoginDDT **********
