19:55:076 [main] INFO  testCases.TC002_LoginTest - ******* Starting tc_002_LoginTest *********
19:57:130 [main] INFO  testCases.TC002_LoginTest - ******* Finished tc_002_LoginTest *********
19:57:410 [main] INFO  io.github.bonigarcia.wdm.WebDriverManager - Using chromedriver 133.0.6943.126 (resolved driver for Chrome 133)
19:57:468 [main] INFO  io.github.bonigarcia.wdm.WebDriverManager - Exporting webdriver.chrome.driver as C:\Users\akeem\.cache\selenium\chromedriver\win64\133.0.6943.126\chromedriver.exe
19:02:471 [main] INFO  testCases.TC003_LoginDDT - ******** Starting tc003_LoginDDT **********
19:05:659 [main] INFO  testCases.TC003_LoginDDT - ******** Finished tc003_LoginDDT **********
19:05:664 [main] INFO  testCases.TC003_LoginDDT - ******** Starting tc003_LoginDDT **********
19:17:201 [main] INFO  testCases.TC003_LoginDDT - ******** Finished tc003_LoginDDT **********
19:17:203 [main] INFO  testCases.TC003_LoginDDT - ******** Starting tc003_LoginDDT **********
19:29:050 [main] INFO  testCases.TC003_LoginDDT - ******** Finished tc003_LoginDDT **********
19:29:052 [main] INFO  testCases.TC003_LoginDDT - ******** Starting tc003_LoginDDT **********
19:41:170 [main] INFO  testCases.TC003_LoginDDT - ******** Finished tc003_LoginDDT **********
19:41:172 [main] INFO  testCases.TC003_LoginDDT - ******** Starting tc003_LoginDDT **********
19:44:109 [main] INFO  testCases.TC003_LoginDDT - ******** Finished tc003_LoginDDT **********
19:44:410 [main] INFO  io.github.bonigarcia.wdm.WebDriverManager - Using chromedriver 133.0.6943.126 (resolved driver for Chrome 133)
19:44:474 [main] INFO  io.github.bonigarcia.wdm.WebDriverManager - Exporting webdriver.chrome.driver as C:\Users\akeem\.cache\selenium\chromedriver\win64\133.0.6943.126\chromedriver.exe
19:18:269 [main] INFO  io.github.bonigarcia.wdm.WebDriverManager - Using chromedriver 133.0.6943.126 (resolved driver for Chrome 133)
19:18:410 [main] INFO  io.github.bonigarcia.wdm.WebDriverManager - Exporting webdriver.chrome.driver as C:\Users\akeem\.cache\selenium\chromedriver\win64\133.0.6943.126\chromedriver.exe
19:57:285 [main] INFO  io.github.bonigarcia.wdm.WebDriverManager - Using chromedriver 133.0.6943.126 (resolved driver for Chrome 133)
19:57:406 [main] INFO  io.github.bonigarcia.wdm.WebDriverManager - Exporting webdriver.chrome.driver as C:\Users\akeem\.cache\selenium\chromedriver\win64\133.0.6943.126\chromedriver.exe
19:16:744 [main] INFO  org.testng.internal.Utils - [TestNG] Running:
  C:\Users\akeem\eclipse-workspace\OpenCartV111\master.xml

19:28:761 [main] INFO  testCases.TC001_AccountRegistrationTest - ******* Starting TC001_AccountRegistrationTest ******
19:29:052 [main] INFO  testCases.TC001_AccountRegistrationTest - ******* Clicked on My Account link ******
19:29:823 [main] INFO  testCases.TC001_AccountRegistrationTest - ******* Clicked on Register Link ******
19:29:825 [main] INFO  testCases.TC001_AccountRegistrationTest - ******* Providing Customer Details ******
19:30:470 [main] INFO  testCases.TC001_AccountRegistrationTest - ******* Validating expected message ******
19:31:505 [main] INFO  testCases.TC001_AccountRegistrationTest - ****** Finished testing **********
19:39:600 [main] INFO  testCases.TC002_LoginTest - ******* Starting tc_002_LoginTest *********
19:41:407 [main] INFO  testCases.TC002_LoginTest - ******* Finished tc_002_LoginTest *********
19:50:773 [main] INFO  testCases.TC003_LoginDDT - ******** Starting tc003_LoginDDT **********
19:53:268 [main] INFO  testCases.TC003_LoginDDT - ******** Finished tc003_LoginDDT **********
19:53:270 [main] INFO  testCases.TC003_LoginDDT - ******** Starting tc003_LoginDDT **********
19:04:729 [main] INFO  testCases.TC003_LoginDDT - ******** Finished tc003_LoginDDT **********
19:04:732 [main] INFO  testCases.TC003_LoginDDT - ******** Starting tc003_LoginDDT **********
19:16:437 [main] INFO  testCases.TC003_LoginDDT - ******** Finished tc003_LoginDDT **********
19:16:439 [main] INFO  testCases.TC003_LoginDDT - ******** Starting tc003_LoginDDT **********
19:28:207 [main] INFO  testCases.TC003_LoginDDT - ******** Finished tc003_LoginDDT **********
19:28:209 [main] INFO  testCases.TC003_LoginDDT - ******** Starting tc003_LoginDDT **********
19:30:892 [main] INFO  testCases.TC003_LoginDDT - ******** Finished tc003_LoginDDT **********
18:34:963 [main] INFO  org.testng.internal.Utils - [TestNG] Running:
  C:\Users\akeem\eclipse-workspace\OpenCartV111\master.xml

18:37:594 [main] INFO  io.github.bonigarcia.wdm.WebDriverManager - Using chromedriver 133.0.6943.141 (resolved driver for Chrome 133)
18:37:921 [main] INFO  io.github.bonigarcia.wdm.online.Downloader - Downloading https://storage.googleapis.com/chrome-for-testing-public/133.0.6943.141/win64/chromedriver-win64.zip
18:41:088 [main] INFO  io.github.bonigarcia.wdm.online.Downloader - Extracting driver from compressed file chromedriver-win64.zip
18:41:297 [main] INFO  io.github.bonigarcia.wdm.WebDriverManager - Exporting webdriver.chrome.driver as C:\Users\akeem\.cache\selenium\chromedriver\win64\133.0.6943.141\chromedriver.exe
