16:58:147 [main] INFO  testCases.TC002_LoginTest - ******* Starting tc_002_LoginTest *********
16:02:878 [main] INFO  testCases.TC002_LoginTest - ******* Finished tc_002_LoginTest *********
16:03:091 [main] INFO  io.github.bonigarcia.wdm.WebDriverManager - Using chromedriver 133.0.6943.126 (resolved driver for Chrome 133)
16:03:156 [main] INFO  io.github.bonigarcia.wdm.WebDriverManager - Exporting webdriver.chrome.driver as C:\Users\akeem\.cache\selenium\chromedriver\win64\133.0.6943.126\chromedriver.exe
16:10:902 [main] INFO  testCases.TC003_LoginDDT - ******** Starting tc003_LoginDDT **********
16:14:725 [main] INFO  testCases.TC003_LoginDDT - ******** Finished tc003_LoginDDT **********
16:14:727 [main] INFO  testCases.TC003_LoginDDT - ******** Starting tc003_LoginDDT **********
16:26:602 [main] INFO  testCases.TC003_LoginDDT - ******** Finished tc003_LoginDDT **********
16:26:604 [main] INFO  testCases.TC003_LoginDDT - ******** Starting tc003_LoginDDT **********
16:39:979 [main] INFO  testCases.TC003_LoginDDT - ******** Finished tc003_LoginDDT **********
16:39:981 [main] INFO  testCases.TC003_LoginDDT - ******** Starting tc003_LoginDDT **********
16:55:408 [main] INFO  testCases.TC003_LoginDDT - ******** Finished tc003_LoginDDT **********
16:55:410 [main] INFO  testCases.TC003_LoginDDT - ******** Starting tc003_LoginDDT **********
16:00:012 [main] INFO  testCases.TC003_LoginDDT - ******** Finished tc003_LoginDDT **********
16:00:257 [main] INFO  io.github.bonigarcia.wdm.WebDriverManager - Using chromedriver 133.0.6943.126 (resolved driver for Chrome 133)
16:00:311 [main] INFO  io.github.bonigarcia.wdm.WebDriverManager - Exporting webdriver.chrome.driver as C:\Users\akeem\.cache\selenium\chromedriver\win64\133.0.6943.126\chromedriver.exe
16:05:178 [main] INFO  io.github.bonigarcia.wdm.WebDriverManager - Using chromedriver 133.0.6943.126 (resolved driver for Chrome 133)
16:05:235 [main] INFO  io.github.bonigarcia.wdm.WebDriverManager - Exporting webdriver.chrome.driver as C:\Users\akeem\.cache\selenium\chromedriver\win64\133.0.6943.126\chromedriver.exe
16:55:711 [main] INFO  io.github.bonigarcia.wdm.WebDriverManager - Using chromedriver 133.0.6943.126 (resolved driver for Chrome 133)
16:55:774 [main] INFO  io.github.bonigarcia.wdm.WebDriverManager - Exporting webdriver.chrome.driver as C:\Users\akeem\.cache\selenium\chromedriver\win64\133.0.6943.126\chromedriver.exe
05:36:778 [main] INFO  org.testng.internal.Utils - [TestNG] Running:
  C:\Users\akeem\eclipse-workspace\OpenCartV111\master.xml

05:39:476 [main] INFO  io.github.bonigarcia.wdm.WebDriverManager - Using chromedriver 133.0.6943.126 (resolved driver for Chrome 133)
05:39:769 [main] INFO  io.github.bonigarcia.wdm.WebDriverManager - Exporting webdriver.chrome.driver as C:\Users\akeem\.cache\selenium\chromedriver\win64\133.0.6943.126\chromedriver.exe
05:46:915 [main] INFO  io.github.bonigarcia.wdm.WebDriverManager - Using chromedriver 133.0.6943.126 (resolved driver for Chrome 133)
05:47:159 [main] INFO  io.github.bonigarcia.wdm.WebDriverManager - Exporting webdriver.chrome.driver as C:\Users\akeem\.cache\selenium\chromedriver\win64\133.0.6943.126\chromedriver.exe
05:55:675 [main] INFO  testCases.TC002_LoginTest - ******* Starting tc_002_LoginTest *********
05:58:475 [main] INFO  testCases.TC002_LoginTest - ******* Finished tc_002_LoginTest *********
05:59:424 [main] INFO  io.github.bonigarcia.wdm.WebDriverManager - Using chromedriver 133.0.6943.126 (resolved driver for Chrome 133)
05:59:533 [main] INFO  io.github.bonigarcia.wdm.WebDriverManager - Exporting webdriver.chrome.driver as C:\Users\akeem\.cache\selenium\chromedriver\win64\133.0.6943.126\chromedriver.exe
05:22:254 [main] INFO  testCases.TC003_LoginDDT - ******** Starting tc003_LoginDDT **********
05:27:926 [main] INFO  testCases.TC003_LoginDDT - ******** Finished tc003_LoginDDT **********
05:27:934 [main] INFO  testCases.TC003_LoginDDT - ******** Starting tc003_LoginDDT **********
05:39:966 [main] INFO  testCases.TC003_LoginDDT - ******** Finished tc003_LoginDDT **********
05:39:973 [main] INFO  testCases.TC003_LoginDDT - ******** Starting tc003_LoginDDT **********
05:52:775 [main] INFO  testCases.TC003_LoginDDT - ******** Finished tc003_LoginDDT **********
05:52:781 [main] INFO  testCases.TC003_LoginDDT - ******** Starting tc003_LoginDDT **********
05:05:807 [main] INFO  testCases.TC003_LoginDDT - ******** Finished tc003_LoginDDT **********
05:05:811 [main] INFO  testCases.TC003_LoginDDT - ******** Starting tc003_LoginDDT **********
05:10:589 [main] INFO  testCases.TC003_LoginDDT - ******** Finished tc003_LoginDDT **********
05:11:251 [main] INFO  io.github.bonigarcia.wdm.WebDriverManager - Using chromedriver 133.0.6943.126 (resolved driver for Chrome 133)
05:11:502 [main] INFO  io.github.bonigarcia.wdm.WebDriverManager - Exporting webdriver.chrome.driver as C:\Users\akeem\.cache\selenium\chromedriver\win64\133.0.6943.126\chromedriver.exe
05:04:172 [main] INFO  io.github.bonigarcia.wdm.WebDriverManager - Using chromedriver 133.0.6943.126 (resolved driver for Chrome 133)
