12:40:937 [main] INFO  org.testng.internal.Utils - [TestNG] Running:
  C:\Users\akeem\eclipse-workspace\OpenCartV111\master.xml

12:42:651 [main] INFO  io.github.bonigarcia.wdm.WebDriverManager - Using chromedriver 130.0.6723.91 (resolved driver for Chrome 130)
12:42:914 [main] INFO  io.github.bonigarcia.wdm.online.Downloader - Downloading https://storage.googleapis.com/chrome-for-testing-public/130.0.6723.91/win64/chromedriver-win64.zip
13:03:128 [main] INFO  io.github.bonigarcia.wdm.online.Downloader - Extracting driver from compressed file chromedriver-win64.zip
13:03:423 [main] INFO  io.github.bonigarcia.wdm.WebDriverManager - Exporting webdriver.chrome.driver as C:\Users\akeem\.cache\selenium\chromedriver\win64\130.0.6723.91\chromedriver.exe
13:08:148 [main] INFO  testCases.TC001_AccountRegistrationTest - ******* Starting TC001_AccountRegistrationTest ******
13:09:948 [main] INFO  testCases.TC001_AccountRegistrationTest - ******* Clicked on My Account link ******
13:10:715 [main] INFO  testCases.TC001_AccountRegistrationTest - ******* Clicked on Register Link ******
13:10:717 [main] INFO  testCases.TC001_AccountRegistrationTest - ******* Providing Customer Details ******
13:12:894 [main] INFO  testCases.TC001_AccountRegistrationTest - ******* Validating expected message ******
13:12:944 [main] INFO  testCases.TC001_AccountRegistrationTest - ****** Finished testing **********
13:13:236 [main] INFO  io.github.bonigarcia.wdm.WebDriverManager - Using chromedriver 130.0.6723.91 (resolved driver for Chrome 130)
13:13:334 [main] INFO  io.github.bonigarcia.wdm.WebDriverManager - Exporting webdriver.chrome.driver as C:\Users\akeem\.cache\selenium\chromedriver\win64\130.0.6723.91\chromedriver.exe
13:17:492 [main] INFO  testCases.TC002_LoginTest - ******* Starting tc_002_LoginTest *********
13:19:471 [main] INFO  testCases.TC002_LoginTest - ******* Finished tc_002_LoginTest *********
13:19:688 [main] INFO  io.github.bonigarcia.wdm.WebDriverManager - Using chromedriver 130.0.6723.91 (resolved driver for Chrome 130)
13:19:790 [main] INFO  io.github.bonigarcia.wdm.WebDriverManager - Exporting webdriver.chrome.driver as C:\Users\akeem\.cache\selenium\chromedriver\win64\130.0.6723.91\chromedriver.exe
13:25:602 [main] INFO  testCases.TC003_LoginDDT - ******** Starting tc003_LoginDDT **********
13:28:297 [main] INFO  testCases.TC003_LoginDDT - ******** Finished tc003_LoginDDT **********
13:28:300 [main] INFO  testCases.TC003_LoginDDT - ******** Starting tc003_LoginDDT **********
13:39:735 [main] INFO  testCases.TC003_LoginDDT - ******** Finished tc003_LoginDDT **********
13:39:739 [main] INFO  testCases.TC003_LoginDDT - ******** Starting tc003_LoginDDT **********
13:51:708 [main] INFO  testCases.TC003_LoginDDT - ******** Finished tc003_LoginDDT **********
13:51:712 [main] INFO  testCases.TC003_LoginDDT - ******** Starting tc003_LoginDDT **********
13:03:669 [main] INFO  testCases.TC003_LoginDDT - ******** Finished tc003_LoginDDT **********
13:03:673 [main] INFO  testCases.TC003_LoginDDT - ******** Starting tc003_LoginDDT **********
13:06:962 [main] INFO  testCases.TC003_LoginDDT - ******** Finished tc003_LoginDDT **********
13:07:302 [main] INFO  io.github.bonigarcia.wdm.WebDriverManager - Using chromedriver 130.0.6723.91 (resolved driver for Chrome 130)
13:07:428 [main] INFO  io.github.bonigarcia.wdm.WebDriverManager - Exporting webdriver.chrome.driver as C:\Users\akeem\.cache\selenium\chromedriver\win64\130.0.6723.91\chromedriver.exe
13:42:622 [main] INFO  io.github.bonigarcia.wdm.WebDriverManager - Using chromedriver 130.0.6723.91 (resolved driver for Chrome 130)
13:42:734 [main] INFO  io.github.bonigarcia.wdm.WebDriverManager - Exporting webdriver.chrome.driver as C:\Users\akeem\.cache\selenium\chromedriver\win64\130.0.6723.91\chromedriver.exe
09:36:717 [main] INFO  org.testng.internal.Utils - [TestNG] Running:
  C:\Users\akeem\eclipse-workspace\OpenCartV111\master.xml

09:43:022 [main] INFO  io.github.bonigarcia.wdm.WebDriverManager - Using chromedriver 130.0.6723.116 (resolved driver for Chrome 130)
09:43:708 [main] INFO  io.github.bonigarcia.wdm.online.Downloader - Downloading https://storage.googleapis.com/chrome-for-testing-public/130.0.6723.116/win64/chromedriver-win64.zip
09:45:299 [main] INFO  io.github.bonigarcia.wdm.online.Downloader - Extracting driver from compressed file chromedriver-win64.zip
09:45:568 [main] INFO  io.github.bonigarcia.wdm.WebDriverManager - Exporting webdriver.chrome.driver as C:\Users\akeem\.cache\selenium\chromedriver\win64\130.0.6723.116\chromedriver.exe
09:55:616 [main] INFO  testCases.TC001_AccountRegistrationTest - ******* Starting TC001_AccountRegistrationTest ******
09:55:840 [main] INFO  testCases.TC001_AccountRegistrationTest - ******* Clicked on My Account link ******
09:00:137 [main] INFO  testCases.TC001_AccountRegistrationTest - ******* Clicked on Register Link ******
09:00:142 [main] INFO  testCases.TC001_AccountRegistrationTest - ******* Providing Customer Details ******
