21:42:825 [main] INFO  testCases.TC001_AccountRegistrationTest - ****** Finished testing **********
21:43:130 [main] INFO  io.github.bonigarcia.wdm.WebDriverManager - Using chromedriver 134.0.6998.165 (resolved driver for Chrome 134)
21:43:239 [main] INFO  io.github.bonigarcia.wdm.WebDriverManager - Exporting webdriver.chrome.driver as C:\Users\akeem\.cache\selenium\chromedriver\win64\134.0.6998.165\chromedriver.exe
21:47:425 [main] INFO  testCases.TC002_LoginTest - ******* Starting tc_002_LoginTest *********
21:49:653 [main] INFO  testCases.TC002_LoginTest - ******* Finished tc_002_LoginTest *********
21:49:919 [main] INFO  io.github.bonigarcia.wdm.WebDriverManager - Using chromedriver 134.0.6998.165 (resolved driver for Chrome 134)
21:50:008 [main] INFO  io.github.bonigarcia.wdm.WebDriverManager - Exporting webdriver.chrome.driver as C:\Users\akeem\.cache\selenium\chromedriver\win64\134.0.6998.165\chromedriver.exe
21:56:285 [main] INFO  testCases.TC003_LoginDDT - ******** Starting tc003_LoginDDT **********
21:59:065 [main] INFO  testCases.TC003_LoginDDT - ******** Finished tc003_LoginDDT **********
21:59:069 [main] INFO  testCases.TC003_LoginDDT - ******** Starting tc003_LoginDDT **********
21:09:943 [main] INFO  testCases.TC003_LoginDDT - ******** Finished tc003_LoginDDT **********
21:09:946 [main] INFO  testCases.TC003_LoginDDT - ******** Starting tc003_LoginDDT **********
21:21:533 [main] INFO  testCases.TC003_LoginDDT - ******** Finished tc003_LoginDDT **********
21:21:537 [main] INFO  testCases.TC003_LoginDDT - ******** Starting tc003_LoginDDT **********
21:32:859 [main] INFO  testCases.TC003_LoginDDT - ******** Finished tc003_LoginDDT **********
21:32:863 [main] INFO  testCases.TC003_LoginDDT - ******** Starting tc003_LoginDDT **********
21:36:076 [main] INFO  testCases.TC003_LoginDDT - ******** Finished tc003_LoginDDT **********
21:36:556 [main] INFO  io.github.bonigarcia.wdm.WebDriverManager - Using chromedriver 134.0.6998.165 (resolved driver for Chrome 134)
21:36:695 [main] INFO  io.github.bonigarcia.wdm.WebDriverManager - Exporting webdriver.chrome.driver as C:\Users\akeem\.cache\selenium\chromedriver\win64\134.0.6998.165\chromedriver.exe
21:12:480 [main] INFO  io.github.bonigarcia.wdm.WebDriverManager - Using chromedriver 134.0.6998.165 (resolved driver for Chrome 134)
21:12:663 [main] INFO  io.github.bonigarcia.wdm.WebDriverManager - Exporting webdriver.chrome.driver as C:\Users\akeem\.cache\selenium\chromedriver\win64\134.0.6998.165\chromedriver.exe
21:56:986 [main] INFO  io.github.bonigarcia.wdm.WebDriverManager - Using chromedriver 134.0.6998.165 (resolved driver for Chrome 134)
21:57:076 [main] INFO  io.github.bonigarcia.wdm.WebDriverManager - Exporting webdriver.chrome.driver as C:\Users\akeem\.cache\selenium\chromedriver\win64\134.0.6998.165\chromedriver.exe
23:26:139 [main] INFO  org.testng.internal.Utils - [TestNG] Running:
  C:\Users\akeem\eclipse-workspace\OpenCartV111\master.xml

23:27:874 [main] INFO  io.github.bonigarcia.wdm.WebDriverManager - Using chromedriver 134.0.6998.165 (resolved driver for Chrome 134)
23:28:115 [main] INFO  io.github.bonigarcia.wdm.WebDriverManager - Exporting webdriver.chrome.driver as C:\Users\akeem\.cache\selenium\chromedriver\win64\134.0.6998.165\chromedriver.exe
23:36:452 [main] INFO  testCases.TC001_AccountRegistrationTest - ******* Starting TC001_AccountRegistrationTest ******
23:36:670 [main] INFO  testCases.TC001_AccountRegistrationTest - ******* Clicked on My Account link ******
23:40:146 [main] INFO  testCases.TC001_AccountRegistrationTest - ******* Clicked on Register Link ******
23:40:153 [main] INFO  testCases.TC001_AccountRegistrationTest - ******* Providing Customer Details ******
23:42:647 [main] INFO  testCases.TC001_AccountRegistrationTest - ******* Validating expected message ******
23:42:717 [main] INFO  testCases.TC001_AccountRegistrationTest - ****** Finished testing **********
23:43:299 [main] INFO  io.github.bonigarcia.wdm.WebDriverManager - Using chromedriver 134.0.6998.165 (resolved driver for Chrome 134)
23:43:566 [main] INFO  io.github.bonigarcia.wdm.WebDriverManager - Exporting webdriver.chrome.driver as C:\Users\akeem\.cache\selenium\chromedriver\win64\134.0.6998.165\chromedriver.exe
23:51:871 [main] INFO  testCases.TC002_LoginTest - ******* Starting tc_002_LoginTest *********
23:54:218 [main] INFO  testCases.TC002_LoginTest - ******* Finished tc_002_LoginTest *********
23:54:741 [main] INFO  io.github.bonigarcia.wdm.WebDriverManager - Using chromedriver 134.0.6998.165 (resolved driver for Chrome 134)
23:55:007 [main] INFO  io.github.bonigarcia.wdm.WebDriverManager - Exporting webdriver.chrome.driver as C:\Users\akeem\.cache\selenium\chromedriver\win64\134.0.6998.165\chromedriver.exe
23:01:702 [main] INFO  testCases.TC003_LoginDDT - ******** Starting tc003_LoginDDT **********
23:04:813 [main] INFO  testCases.TC003_LoginDDT - ******** Finished tc003_LoginDDT **********
23:04:819 [main] INFO  testCases.TC003_LoginDDT - ******** Starting tc003_LoginDDT **********
