20:35:302 [TestNG-tests-2] INFO  testCases.TC001_AccountRegistrationTest - ******* Starting TC001_AccountRegistrationTest ******
20:35:480 [TestNG-tests-2] INFO  testCases.TC001_AccountRegistrationTest - ******* Clicked on My Account link ******
20:36:867 [TestNG-tests-2] INFO  testCases.TC001_AccountRegistrationTest - ******* Clicked on Register Link ******
20:36:869 [TestNG-tests-2] INFO  testCases.TC001_AccountRegistrationTest - ******* Providing Customer Details ******
20:39:707 [TestNG-tests-2] INFO  testCases.TC001_AccountRegistrationTest - ******* Validating expected message ******
20:40:582 [TestNG-tests-2] INFO  testCases.TC001_AccountRegistrationTest - ****** Finished testing **********
20:42:203 [TestNG-tests-3] INFO  testCases.TC001_AccountRegistrationTest - ******* Starting TC001_AccountRegistrationTest ******
21:51:274 [main] INFO  io.github.bonigarcia.wdm.WebDriverManager - Using chromedriver 128.0.6613.119 (resolved driver for Chrome 128)
21:51:434 [main] INFO  io.github.bonigarcia.wdm.WebDriverManager - Exporting webdriver.chrome.driver as C:\Users\akeem\.cache\selenium\chromedriver\win64\128.0.6613.119\chromedriver.exe
21:56:827 [main] INFO  testCases.TC001_AccountRegistrationTest - ******* Starting TC001_AccountRegistrationTest ******
21:56:931 [main] INFO  testCases.TC001_AccountRegistrationTest - ******* Clicked on My Account link ******
21:57:710 [main] INFO  testCases.TC001_AccountRegistrationTest - ******* Clicked on Register Link ******
21:57:712 [main] INFO  testCases.TC001_AccountRegistrationTest - ******* Providing Customer Details ******
21:00:049 [main] INFO  testCases.TC001_AccountRegistrationTest - ******* Validating expected message ******
21:00:090 [main] INFO  testCases.TC001_AccountRegistrationTest - ****** Finished testing **********
21:00:478 [main] INFO  io.github.bonigarcia.wdm.WebDriverManager - Using chromedriver 128.0.6613.119 (resolved driver for Chrome 128)
21:00:590 [main] INFO  io.github.bonigarcia.wdm.WebDriverManager - Exporting webdriver.chrome.driver as C:\Users\akeem\.cache\selenium\chromedriver\win64\128.0.6613.119\chromedriver.exe
21:05:063 [main] INFO  testCases.TC002_LoginTest - ******* Starting tc_002_LoginTest *********
21:07:198 [main] INFO  testCases.TC002_LoginTest - ******* Finished tc_002_LoginTest *********
21:07:556 [main] INFO  io.github.bonigarcia.wdm.WebDriverManager - Using chromedriver 128.0.6613.119 (resolved driver for Chrome 128)
21:07:688 [main] INFO  io.github.bonigarcia.wdm.WebDriverManager - Exporting webdriver.chrome.driver as C:\Users\akeem\.cache\selenium\chromedriver\win64\128.0.6613.119\chromedriver.exe
21:13:810 [main] INFO  testCases.TC003_LoginDDT - ******** Starting tc003_LoginDDT **********
21:17:000 [main] INFO  testCases.TC003_LoginDDT - ******** Finished tc003_LoginDDT **********
21:17:001 [main] INFO  testCases.TC003_LoginDDT - ******** Starting tc003_LoginDDT **********
21:28:372 [main] INFO  testCases.TC003_LoginDDT - ******** Finished tc003_LoginDDT **********
21:28:381 [main] INFO  testCases.TC003_LoginDDT - ******** Starting tc003_LoginDDT **********
21:40:237 [main] INFO  testCases.TC003_LoginDDT - ******** Finished tc003_LoginDDT **********
21:40:237 [main] INFO  testCases.TC003_LoginDDT - ******** Starting tc003_LoginDDT **********
21:52:240 [main] INFO  testCases.TC003_LoginDDT - ******** Finished tc003_LoginDDT **********
21:52:240 [main] INFO  testCases.TC003_LoginDDT - ******** Starting tc003_LoginDDT **********
21:56:353 [main] INFO  testCases.TC003_LoginDDT - ******** Finished tc003_LoginDDT **********
22:42:884 [main] INFO  io.github.bonigarcia.wdm.WebDriverManager - Using chromedriver 128.0.6613.119 (resolved driver for Chrome 128)
22:42:960 [main] INFO  io.github.bonigarcia.wdm.WebDriverManager - Exporting webdriver.chrome.driver as C:\windows\system32\config\systemprofile\.cache\selenium\chromedriver\win64\128.0.6613.119\chromedriver.exe
22:49:326 [main] INFO  testCases.TC001_AccountRegistrationTest - ******* Starting TC001_AccountRegistrationTest ******
22:01:794 [main] INFO  io.github.bonigarcia.wdm.WebDriverManager - Using chromedriver 128.0.6613.119 (resolved driver for Chrome 128)
22:01:815 [main] INFO  io.github.bonigarcia.wdm.WebDriverManager - Exporting webdriver.chrome.driver as C:\windows\system32\config\systemprofile\.cache\selenium\chromedriver\win64\128.0.6613.119\chromedriver.exe
22:12:127 [main] INFO  testCases.TC002_LoginTest - ******* Starting tc_002_LoginTest *********
22:22:726 [main] INFO  io.github.bonigarcia.wdm.WebDriverManager - Using chromedriver 128.0.6613.119 (resolved driver for Chrome 128)
22:22:748 [main] INFO  io.github.bonigarcia.wdm.WebDriverManager - Exporting webdriver.chrome.driver as C:\windows\system32\config\systemprofile\.cache\selenium\chromedriver\win64\128.0.6613.119\chromedriver.exe
22:32:315 [main] INFO  testCases.TC003_LoginDDT - ******** Starting tc003_LoginDDT **********
22:42:469 [main] INFO  testCases.TC003_LoginDDT - ******** Starting tc003_LoginDDT **********
